[2026-09-23 11:32:35.120] [info] Loaded model arm26-scaled from file data/opensim/arm26_scaled.osim
[2026-09-23 11:32:35.121] [warning] Couldn't find file 'ground_ribs.vtp'.
[2026-09-23 11:32:35.121] [warning] Couldn't find file 'ground_spine.vtp'.
[2026-09-23 11:32:35.121] [warning] Couldn't find file 'ground_skull.vtp'.
[2026-09-23 11:32:35.122] [warning] Couldn't find file 'ground_jaw.vtp'.
[2026-09-23 11:32:35.122] [warning] Couldn't find file 'ground_r_clavicle.vtp'.
[2026-09-23 11:32:35.122] [warning] Couldn't find file 'ground_r_scapula.vtp'.
[2026-09-23 11:32:35.123] [warning] Couldn't find file 'arm_r_humerus.vtp'.
[2026-09-23 11:32:35.123] [warning] Couldn't find file 'arm_r_ulna.vtp'.
[2026-09-23 11:32:35.123] [warning] Couldn't find file 'arm_r_radius.vtp'.
[2026-09-23 11:32:35.124] [warning] Couldn't find file 'arm_r_lunate.vtp'.
[2026-09-23 11:32:35.124] [warning] Couldn't find file 'arm_r_scaphoid.vtp'.
[2026-09-23 11:32:35.125] [warning] Couldn't find file 'arm_r_pisiform.vtp'.
[2026-09-23 11:32:35.125] [warning] Couldn't find file 'arm_r_triquetrum.vtp'.
[2026-09-23 11:32:35.125] [warning] Couldn't find file 'arm_r_capitate.vtp'.
[2026-09-23 11:32:35.125] [warning] Couldn't find file 'arm_r_trapezium.vtp'.
[2026-09-23 11:32:35.125] [warning] Couldn't find file 'arm_r_trapezoid.vtp'.
[2026-09-23 11:32:35.125] [warning] Couldn't find file 'arm_r_hamate.vtp'.
[2026-09-23 11:32:35.126] [warning] Couldn't find file 'arm_r_1mc.vtp'.
[2026-09-23 11:32:35.126] [warning] Couldn't find file 'arm_r_2mc.vtp'.
[2026-09-23 11:32:35.126] [warning] Couldn't find file 'arm_r_3mc.vtp'.
[2026-09-23 11:32:35.126] [warning] Couldn't find file 'arm_r_4mc.vtp'.
[2026-09-23 11:32:35.126] [warning] Couldn't find file 'arm_r_5mc.vtp'.
[2026-09-23 11:32:35.127] [warning] Couldn't find file 'arm_r_thumbprox.vtp'.
[2026-09-23 11:32:35.127] [warning] Couldn't find file 'arm_r_thumbdist.vtp'.
[2026-09-23 11:32:35.127] [warning] Couldn't find file 'arm_r_2proxph.vtp'.
[2026-09-23 11:32:35.127] [warning] Couldn't find file 'arm_r_2midph.vtp'.
[2026-09-23 11:32:35.127] [warning] Couldn't find file 'arm_r_2distph.vtp'.
[2026-09-23 11:32:35.127] [warning] Couldn't find file 'arm_r_3proxph.vtp'.
[2026-09-23 11:32:35.127] [warning] Couldn't find file 'arm_r_3midph.vtp'.
[2026-09-23 11:32:35.128] [warning] Couldn't find file 'arm_r_3distph.vtp'.
[2026-09-23 11:32:35.128] [warning] Couldn't find file 'arm_r_4proxph.vtp'.
[2026-09-23 11:32:35.128] [warning] Couldn't find file 'arm_r_4midph.vtp'.
[2026-09-23 11:32:35.128] [warning] Couldn't find file 'arm_r_4distph.vtp'.
[2026-09-23 11:32:35.128] [warning] Couldn't find file 'arm_r_5proxph.vtp'.
[2026-09-23 11:32:35.128] [warning] Couldn't find file 'arm_r_5midph.vtp'.
[2026-09-23 11:32:35.128] [warning] Couldn't find file 'arm_r_5distph.vtp'.
[2026-09-23 11:33:05.342] [info] Loaded model arm26-scaled from file data/opensim/arm26_scaled.osim
[2026-09-23 11:33:05.342] [warning] Couldn't find file 'ground_ribs.vtp'.
[2026-09-23 11:33:05.342] [warning] Couldn't find file 'ground_spine.vtp'.
[2026-09-23 11:33:05.342] [warning] Couldn't find file 'ground_skull.vtp'.
[2026-09-23 11:33:05.342] [warning] Couldn't find file 'ground_jaw.vtp'.
[2026-09-23 11:33:05.342] [warning] Couldn't find file 'ground_r_clavicle.vtp'.
[2026-09-23 11:33:05.342] [warning] Couldn't find file 'ground_r_scapula.vtp'.
[2026-09-23 11:33:05.343] [warning] Couldn't find file 'arm_r_humerus.vtp'.
[2026-09-23 11:33:05.343] [warning] Couldn't find file 'arm_r_ulna.vtp'.
[2026-09-23 11:33:05.343] [warning] Couldn't find file 'arm_r_radius.vtp'.
[2026-09-23 11:33:05.343] [warning] Couldn't find file 'arm_r_lunate.vtp'.
[2026-09-23 11:33:05.343] [warning] Couldn't find file 'arm_r_scaphoid.vtp'.
[2026-09-23 11:33:05.343] [warning] Couldn't find file 'arm_r_pisiform.vtp'.
[2026-09-23 11:33:05.343] [warning] Couldn't find file 'arm_r_triquetrum.vtp'.
[2026-09-23 11:33:05.343] [warning] Couldn't find file 'arm_r_capitate.vtp'.
[2026-09-23 11:33:05.343] [warning] Couldn't find file 'arm_r_trapezium.vtp'.
[2026-09-23 11:33:05.343] [warning] Couldn't find file 'arm_r_trapezoid.vtp'.
[2026-09-23 11:33:05.343] [warning] Couldn't find file 'arm_r_hamate.vtp'.
[2026-09-23 11:33:05.343] [warning] Couldn't find file 'arm_r_1mc.vtp'.
[2026-09-23 11:33:05.344] [warning] Couldn't find file 'arm_r_2mc.vtp'.
[2026-09-23 11:33:05.344] [warning] Couldn't find file 'arm_r_3mc.vtp'.
[2026-09-23 11:33:05.344] [warning] Couldn't find file 'arm_r_4mc.vtp'.
[2026-09-23 11:33:05.344] [warning] Couldn't find file 'arm_r_5mc.vtp'.
[2026-09-23 11:33:05.344] [warning] Couldn't find file 'arm_r_thumbprox.vtp'.
[2026-09-23 11:33:05.344] [warning] Couldn't find file 'arm_r_thumbdist.vtp'.
[2026-09-23 11:33:05.344] [warning] Couldn't find file 'arm_r_2proxph.vtp'.
[2026-09-23 11:33:05.344] [warning] Couldn't find file 'arm_r_2midph.vtp'.
[2026-09-23 11:33:05.344] [warning] Couldn't find file 'arm_r_2distph.vtp'.
[2026-09-23 11:33:05.344] [warning] Couldn't find file 'arm_r_3proxph.vtp'.
[2026-09-23 11:33:05.344] [warning] Couldn't find file 'arm_r_3midph.vtp'.
[2026-09-23 11:33:05.344] [warning] Couldn't find file 'arm_r_3distph.vtp'.
[2026-09-23 11:33:05.344] [warning] Couldn't find file 'arm_r_4proxph.vtp'.
[2026-09-23 11:33:05.344] [warning] Couldn't find file 'arm_r_4midph.vtp'.
[2026-09-23 11:33:05.344] [warning] Couldn't find file 'arm_r_4distph.vtp'.
[2026-09-23 11:33:05.344] [warning] Couldn't find file 'arm_r_5proxph.vtp'.
[2026-09-23 11:33:05.345] [warning] Couldn't find file 'arm_r_5midph.vtp'.
[2026-09-23 11:33:05.345] [warning] Couldn't find file 'arm_r_5distph.vtp'.
[2026-09-23 11:33:58.564] [info] Loaded model arm26-scaled from file data/opensim/arm26_scaled.osim
[2026-09-23 11:33:58.564] [warning] Couldn't find file 'ground_ribs.vtp'.
[2026-09-23 11:33:58.564] [warning] Couldn't find file 'ground_spine.vtp'.
[2026-09-23 11:33:58.564] [warning] Couldn't find file 'ground_skull.vtp'.
[2026-09-23 11:33:58.564] [warning] Couldn't find file 'ground_jaw.vtp'.
[2026-09-23 11:33:58.564] [warning] Couldn't find file 'ground_r_clavicle.vtp'.
[2026-09-23 11:33:58.564] [warning] Couldn't find file 'ground_r_scapula.vtp'.
[2026-09-23 11:33:58.564] [warning] Couldn't find file 'arm_r_humerus.vtp'.
[2026-09-23 11:33:58.565] [warning] Couldn't find file 'arm_r_ulna.vtp'.
[2026-09-23 11:33:58.565] [warning] Couldn't find file 'arm_r_radius.vtp'.
[2026-09-23 11:33:58.565] [warning] Couldn't find file 'arm_r_lunate.vtp'.
[2026-09-23 11:33:58.565] [warning] Couldn't find file 'arm_r_scaphoid.vtp'.
[2026-09-23 11:33:58.565] [warning] Couldn't find file 'arm_r_pisiform.vtp'.
[2026-09-23 11:33:58.565] [warning] Couldn't find file 'arm_r_triquetrum.vtp'.
[2026-09-23 11:33:58.565] [warning] Couldn't find file 'arm_r_capitate.vtp'.
[2026-09-23 11:33:58.565] [warning] Couldn't find file 'arm_r_trapezium.vtp'.
[2026-09-23 11:33:58.565] [warning] Couldn't find file 'arm_r_trapezoid.vtp'.
[2026-09-23 11:33:58.565] [warning] Couldn't find file 'arm_r_hamate.vtp'.
[2026-09-23 11:33:58.565] [warning] Couldn't find file 'arm_r_1mc.vtp'.
[2026-09-23 11:33:58.565] [warning] Couldn't find file 'arm_r_2mc.vtp'.
[2026-09-23 11:33:58.565] [warning] Couldn't find file 'arm_r_3mc.vtp'.
[2026-09-23 11:33:58.565] [warning] Couldn't find file 'arm_r_4mc.vtp'.
[2026-09-23 11:33:58.565] [warning] Couldn't find file 'arm_r_5mc.vtp'.
[2026-09-23 11:33:58.565] [warning] Couldn't find file 'arm_r_thumbprox.vtp'.
[2026-09-23 11:33:58.565] [warning] Couldn't find file 'arm_r_thumbdist.vtp'.
[2026-09-23 11:33:58.565] [warning] Couldn't find file 'arm_r_2proxph.vtp'.
[2026-09-23 11:33:58.566] [warning] Couldn't find file 'arm_r_2midph.vtp'.
[2026-09-23 11:33:58.566] [warning] Couldn't find file 'arm_r_2distph.vtp'.
[2026-09-23 11:33:58.566] [warning] Couldn't find file 'arm_r_3proxph.vtp'.
[2026-09-23 11:33:58.566] [warning] Couldn't find file 'arm_r_3midph.vtp'.
[2026-09-23 11:33:58.566] [warning] Couldn't find file 'arm_r_3distph.vtp'.
[2026-09-23 11:33:58.566] [warning] Couldn't find file 'arm_r_4proxph.vtp'.
[2026-09-23 11:33:58.566] [warning] Couldn't find file 'arm_r_4midph.vtp'.
[2026-09-23 11:33:58.566] [warning] Couldn't find file 'arm_r_4distph.vtp'.
[2026-09-23 11:33:58.566] [warning] Couldn't find file 'arm_r_5proxph.vtp'.
[2026-09-23 11:33:58.566] [warning] Couldn't find file 'arm_r_5midph.vtp'.
[2026-09-23 11:33:58.566] [warning] Couldn't find file 'arm_r_5distph.vtp'.
[2026-09-23 11:34:32.944] [info] Loaded model arm26-scaled from file data/opensim/arm26_scaled.osim
[2026-09-23 11:34:32.945] [warning] Couldn't find file 'ground_ribs.vtp'.
[2026-09-23 11:34:32.945] [warning] Couldn't find file 'ground_spine.vtp'.
[2026-09-23 11:34:32.945] [warning] Couldn't find file 'ground_skull.vtp'.
[2026-09-23 11:34:32.945] [warning] Couldn't find file 'ground_jaw.vtp'.
[2026-09-23 11:34:32.946] [warning] Couldn't find file 'ground_r_clavicle.vtp'.
[2026-09-23 11:34:32.946] [warning] Couldn't find file 'ground_r_scapula.vtp'.
[2026-09-23 11:34:32.946] [warning] Couldn't find file 'arm_r_humerus.vtp'.
[2026-09-23 11:34:32.946] [warning] Couldn't find file 'arm_r_ulna.vtp'.
[2026-09-23 11:34:32.946] [warning] Couldn't find file 'arm_r_radius.vtp'.
[2026-09-23 11:34:32.946] [warning] Couldn't find file 'arm_r_lunate.vtp'.
[2026-09-23 11:34:32.947] [warning] Couldn't find file 'arm_r_scaphoid.vtp'.
[2026-09-23 11:34:32.947] [warning] Couldn't find file 'arm_r_pisiform.vtp'.
[2026-09-23 11:34:32.947] [warning] Couldn't find file 'arm_r_triquetrum.vtp'.
[2026-09-23 11:34:32.947] [warning] Couldn't find file 'arm_r_capitate.vtp'.
[2026-09-23 11:34:32.947] [warning] Couldn't find file 'arm_r_trapezium.vtp'.
[2026-09-23 11:34:32.948] [warning] Couldn't find file 'arm_r_trapezoid.vtp'.
[2026-09-23 11:34:32.948] [warning] Couldn't find file 'arm_r_hamate.vtp'.
[2026-09-23 11:34:32.948] [warning] Couldn't find file 'arm_r_1mc.vtp'.
[2026-09-23 11:34:32.948] [warning] Couldn't find file 'arm_r_2mc.vtp'.
[2026-09-23 11:34:32.948] [warning] Couldn't find file 'arm_r_3mc.vtp'.
[2026-09-23 11:34:32.948] [warning] Couldn't find file 'arm_r_4mc.vtp'.
[2026-09-23 11:34:32.948] [warning] Couldn't find file 'arm_r_5mc.vtp'.
[2026-09-23 11:34:32.948] [warning] Couldn't find file 'arm_r_thumbprox.vtp'.
[2026-09-23 11:34:32.949] [warning] Couldn't find file 'arm_r_thumbdist.vtp'.
[2026-09-23 11:34:32.949] [warning] Couldn't find file 'arm_r_2proxph.vtp'.
[2026-09-23 11:34:32.949] [warning] Couldn't find file 'arm_r_2midph.vtp'.
[2026-09-23 11:34:32.949] [warning] Couldn't find file 'arm_r_2distph.vtp'.
[2026-09-23 11:34:32.949] [warning] Couldn't find file 'arm_r_3proxph.vtp'.
[2026-09-23 11:34:32.949] [warning] Couldn't find file 'arm_r_3midph.vtp'.
[2026-09-23 11:34:32.949] [warning] Couldn't find file 'arm_r_3distph.vtp'.
[2026-09-23 11:34:32.950] [warning] Couldn't find file 'arm_r_4proxph.vtp'.
[2026-09-23 11:34:32.950] [warning] Couldn't find file 'arm_r_4midph.vtp'.
[2026-09-23 11:34:32.950] [warning] Couldn't find file 'arm_r_4distph.vtp'.
[2026-09-23 11:34:32.950] [warning] Couldn't find file 'arm_r_5proxph.vtp'.
[2026-09-23 11:34:32.950] [warning] Couldn't find file 'arm_r_5midph.vtp'.
[2026-09-23 11:34:32.950] [warning] Couldn't find file 'arm_r_5distph.vtp'.
[2026-09-23 11:34:55.252] [info] Loaded model arm26-scaled from file data/opensim/arm26_scaled.osim
[2026-09-23 11:34:55.252] [warning] Couldn't find file 'ground_ribs.vtp'.
[2026-09-23 11:34:55.252] [warning] Couldn't find file 'ground_spine.vtp'.
[2026-09-23 11:34:55.252] [warning] Couldn't find file 'ground_skull.vtp'.
[2026-09-23 11:34:55.252] [warning] Couldn't find file 'ground_jaw.vtp'.
[2026-09-23 11:34:55.252] [warning] Couldn't find file 'ground_r_clavicle.vtp'.
[2026-09-23 11:34:55.252] [warning] Couldn't find file 'ground_r_scapula.vtp'.
[2026-09-23 11:34:55.252] [warning] Couldn't find file 'arm_r_humerus.vtp'.
[2026-09-23 11:34:55.252] [warning] Couldn't find file 'arm_r_ulna.vtp'.
[2026-09-23 11:34:55.252] [warning] Couldn't find file 'arm_r_radius.vtp'.
[2026-09-23 11:34:55.252] [warning] Couldn't find file 'arm_r_lunate.vtp'.
[2026-09-23 11:34:55.253] [warning] Couldn't find file 'arm_r_scaphoid.vtp'.
[2026-09-23 11:34:55.253] [warning] Couldn't find file 'arm_r_pisiform.vtp'.
[2026-09-23 11:34:55.253] [warning] Couldn't find file 'arm_r_triquetrum.vtp'.
[2026-09-23 11:34:55.253] [warning] Couldn't find file 'arm_r_capitate.vtp'.
[2026-09-23 11:34:55.253] [warning] Couldn't find file 'arm_r_trapezium.vtp'.
[2026-09-23 11:34:55.253] [warning] Couldn't find file 'arm_r_trapezoid.vtp'.
[2026-09-23 11:34:55.253] [warning] Couldn't find file 'arm_r_hamate.vtp'.
[2026-09-23 11:34:55.253] [warning] Couldn't find file 'arm_r_1mc.vtp'.
[2026-09-23 11:34:55.253] [warning] Couldn't find file 'arm_r_2mc.vtp'.
[2026-09-23 11:34:55.253] [warning] Couldn't find file 'arm_r_3mc.vtp'.
[2026-09-23 11:34:55.253] [warning] Couldn't find file 'arm_r_4mc.vtp'.
[2026-09-23 11:34:55.253] [warning] Couldn't find file 'arm_r_5mc.vtp'.
[2026-09-23 11:34:55.253] [warning] Couldn't find file 'arm_r_thumbprox.vtp'.
[2026-09-23 11:34:55.253] [warning] Couldn't find file 'arm_r_thumbdist.vtp'.
[2026-09-23 11:34:55.253] [warning] Couldn't find file 'arm_r_2proxph.vtp'.
[2026-09-23 11:34:55.253] [warning] Couldn't find file 'arm_r_2midph.vtp'.
[2026-09-23 11:34:55.253] [warning] Couldn't find file 'arm_r_2distph.vtp'.
[2026-09-23 11:34:55.254] [warning] Couldn't find file 'arm_r_3proxph.vtp'.
[2026-09-23 11:34:55.254] [warning] Couldn't find file 'arm_r_3midph.vtp'.
[2026-09-23 11:34:55.254] [warning] Couldn't find file 'arm_r_3distph.vtp'.
[2026-09-23 11:34:55.254] [warning] Couldn't find file 'arm_r_4proxph.vtp'.
[2026-09-23 11:34:55.254] [warning] Couldn't find file 'arm_r_4midph.vtp'.
[2026-09-23 11:34:55.254] [warning] Couldn't find file 'arm_r_4distph.vtp'.
[2026-09-23 11:34:55.254] [warning] Couldn't find file 'arm_r_5proxph.vtp'.
[2026-09-23 11:34:55.254] [warning] Couldn't find file 'arm_r_5midph.vtp'.
[2026-09-23 11:34:55.254] [warning] Couldn't find file 'arm_r_5distph.vtp'.
[2026-09-23 11:35:13.281] [info] Loaded model arm26-scaled from file data/opensim/arm26_scaled.osim
[2026-09-23 11:35:13.282] [warning] Couldn't find file 'ground_ribs.vtp'.
[2026-09-23 11:35:13.282] [warning] Couldn't find file 'ground_spine.vtp'.
[2026-09-23 11:35:13.282] [warning] Couldn't find file 'ground_skull.vtp'.
[2026-09-23 11:35:13.282] [warning] Couldn't find file 'ground_jaw.vtp'.
[2026-09-23 11:35:13.282] [warning] Couldn't find file 'ground_r_clavicle.vtp'.
[2026-09-23 11:35:13.282] [warning] Couldn't find file 'ground_r_scapula.vtp'.
[2026-09-23 11:35:13.282] [warning] Couldn't find file 'arm_r_humerus.vtp'.
[2026-09-23 11:35:13.282] [warning] Couldn't find file 'arm_r_ulna.vtp'.
[2026-09-23 11:35:13.282] [warning] Couldn't find file 'arm_r_radius.vtp'.
[2026-09-23 11:35:13.283] [warning] Couldn't find file 'arm_r_lunate.vtp'.
[2026-09-23 11:35:13.283] [warning] Couldn't find file 'arm_r_scaphoid.vtp'.
[2026-09-23 11:35:13.283] [warning] Couldn't find file 'arm_r_pisiform.vtp'.
[2026-09-23 11:35:13.283] [warning] Couldn't find file 'arm_r_triquetrum.vtp'.
[2026-09-23 11:35:13.283] [warning] Couldn't find file 'arm_r_capitate.vtp'.
[2026-09-23 11:35:13.283] [warning] Couldn't find file 'arm_r_trapezium.vtp'.
[2026-09-23 11:35:13.283] [warning] Couldn't find file 'arm_r_trapezoid.vtp'.
[2026-09-23 11:35:13.283] [warning] Couldn't find file 'arm_r_hamate.vtp'.
[2026-09-23 11:35:13.283] [warning] Couldn't find file 'arm_r_1mc.vtp'.
[2026-09-23 11:35:13.283] [warning] Couldn't find file 'arm_r_2mc.vtp'.
[2026-09-23 11:35:13.284] [warning] Couldn't find file 'arm_r_3mc.vtp'.
[2026-09-23 11:35:13.284] [warning] Couldn't find file 'arm_r_4mc.vtp'.
[2026-09-23 11:35:13.284] [warning] Couldn't find file 'arm_r_5mc.vtp'.
[2026-09-23 11:35:13.284] [warning] Couldn't find file 'arm_r_thumbprox.vtp'.
[2026-09-23 11:35:13.284] [warning] Couldn't find file 'arm_r_thumbdist.vtp'.
[2026-09-23 11:35:13.284] [warning] Couldn't find file 'arm_r_2proxph.vtp'.
[2026-09-23 11:35:13.284] [warning] Couldn't find file 'arm_r_2midph.vtp'.
[2026-09-23 11:35:13.286] [warning] Couldn't find file 'arm_r_2distph.vtp'.
[2026-09-23 11:35:13.325] [warning] Couldn't find file 'arm_r_3proxph.vtp'.
[2026-09-23 11:35:13.325] [warning] Couldn't find file 'arm_r_3midph.vtp'.
[2026-09-23 11:35:13.325] [warning] Couldn't find file 'arm_r_3distph.vtp'.
[2026-09-23 11:35:13.325] [warning] Couldn't find file 'arm_r_4proxph.vtp'.
[2026-09-23 11:35:13.325] [warning] Couldn't find file 'arm_r_4midph.vtp'.
[2026-09-23 11:35:13.325] [warning] Couldn't find file 'arm_r_4distph.vtp'.
[2026-09-23 11:35:13.325] [warning] Couldn't find file 'arm_r_5proxph.vtp'.
[2026-09-23 11:35:13.325] [warning] Couldn't find file 'arm_r_5midph.vtp'.
[2026-09-23 11:35:13.326] [warning] Couldn't find file 'arm_r_5distph.vtp'.
[2026-09-23 11:35:13.332] [info] Old version storage/motion file encountered
[2026-09-23 11:35:13.332] [info] Storage: read data file = data/scenarios/video1_v2/target_arm26_exploratory.mot (nr=1081 nc=3)
[2026-09-23 11:35:13.332] [info] .. assuming rotations in Degrees..
[2026-09-23 11:38:08.923] [info] Loaded model arm26-scaled from file data/opensim/arm26_scaled.osim
[2026-09-23 11:38:08.924] [warning] Couldn't find file 'ground_ribs.vtp'.
[2026-09-23 11:38:08.924] [warning] Couldn't find file 'ground_spine.vtp'.
[2026-09-23 11:38:08.924] [warning] Couldn't find file 'ground_skull.vtp'.
[2026-09-23 11:38:08.924] [warning] Couldn't find file 'ground_jaw.vtp'.
[2026-09-23 11:38:08.924] [warning] Couldn't find file 'ground_r_clavicle.vtp'.
[2026-09-23 11:38:08.924] [warning] Couldn't find file 'ground_r_scapula.vtp'.
[2026-09-23 11:38:08.924] [warning] Couldn't find file 'arm_r_humerus.vtp'.
[2026-09-23 11:38:08.924] [warning] Couldn't find file 'arm_r_ulna.vtp'.
[2026-09-23 11:38:08.924] [warning] Couldn't find file 'arm_r_radius.vtp'.
[2026-09-23 11:38:08.924] [warning] Couldn't find file 'arm_r_lunate.vtp'.
[2026-09-23 11:38:08.925] [warning] Couldn't find file 'arm_r_scaphoid.vtp'.
[2026-09-23 11:38:08.925] [warning] Couldn't find file 'arm_r_pisiform.vtp'.
[2026-09-23 11:38:08.925] [warning] Couldn't find file 'arm_r_triquetrum.vtp'.
[2026-09-23 11:38:08.925] [warning] Couldn't find file 'arm_r_capitate.vtp'.
[2026-09-23 11:38:08.925] [warning] Couldn't find file 'arm_r_trapezium.vtp'.
[2026-09-23 11:38:08.925] [warning] Couldn't find file 'arm_r_trapezoid.vtp'.
[2026-09-23 11:38:08.925] [warning] Couldn't find file 'arm_r_hamate.vtp'.
[2026-09-23 11:38:08.925] [warning] Couldn't find file 'arm_r_1mc.vtp'.
[2026-09-23 11:38:08.925] [warning] Couldn't find file 'arm_r_2mc.vtp'.
[2026-09-23 11:38:08.925] [warning] Couldn't find file 'arm_r_3mc.vtp'.
[2026-09-23 11:38:08.925] [warning] Couldn't find file 'arm_r_4mc.vtp'.
[2026-09-23 11:38:08.926] [warning] Couldn't find file 'arm_r_5mc.vtp'.
[2026-09-23 11:38:08.926] [warning] Couldn't find file 'arm_r_thumbprox.vtp'.
[2026-09-23 11:38:08.926] [warning] Couldn't find file 'arm_r_thumbdist.vtp'.
[2026-09-23 11:38:08.926] [warning] Couldn't find file 'arm_r_2proxph.vtp'.
[2026-09-23 11:38:08.926] [warning] Couldn't find file 'arm_r_2midph.vtp'.
[2026-09-23 11:38:08.926] [warning] Couldn't find file 'arm_r_2distph.vtp'.
[2026-09-23 11:38:08.926] [warning] Couldn't find file 'arm_r_3proxph.vtp'.
[2026-09-23 11:38:08.926] [warning] Couldn't find file 'arm_r_3midph.vtp'.
[2026-09-23 11:38:08.926] [warning] Couldn't find file 'arm_r_3distph.vtp'.
[2026-09-23 11:38:08.927] [warning] Couldn't find file 'arm_r_4proxph.vtp'.
[2026-09-23 11:38:08.927] [warning] Couldn't find file 'arm_r_4midph.vtp'.
[2026-09-23 11:38:08.927] [warning] Couldn't find file 'arm_r_4distph.vtp'.
[2026-09-23 11:38:08.927] [warning] Couldn't find file 'arm_r_5proxph.vtp'.
[2026-09-23 11:38:08.927] [warning] Couldn't find file 'arm_r_5midph.vtp'.
[2026-09-23 11:38:08.927] [warning] Couldn't find file 'arm_r_5distph.vtp'.
[2026-09-23 11:38:08.930] [info] Old version storage/motion file encountered
[2026-09-23 11:38:08.930] [info] Storage: read data file = data/scenarios/video1_v2/target_arm26_exploratory.mot (nr=1081 nc=3)
[2026-09-23 11:38:08.930] [info] .. assuming rotations in Degrees..
[2026-09-23 11:40:44.372] [info] Loaded model arm26-scaled from file data/opensim/arm26_scaled.osim
[2026-09-23 11:40:44.373] [warning] Couldn't find file 'ground_ribs.vtp'.
[2026-09-23 11:40:44.373] [warning] Couldn't find file 'ground_spine.vtp'.
[2026-09-23 11:40:44.373] [warning] Couldn't find file 'ground_skull.vtp'.
[2026-09-23 11:40:44.373] [warning] Couldn't find file 'ground_jaw.vtp'.
[2026-09-23 11:40:44.373] [warning] Couldn't find file 'ground_r_clavicle.vtp'.
[2026-09-23 11:40:44.373] [warning] Couldn't find file 'ground_r_scapula.vtp'.
[2026-09-23 11:40:44.373] [warning] Couldn't find file 'arm_r_humerus.vtp'.
[2026-09-23 11:40:44.373] [warning] Couldn't find file 'arm_r_ulna.vtp'.
[2026-09-23 11:40:44.373] [warning] Couldn't find file 'arm_r_radius.vtp'.
[2026-09-23 11:40:44.373] [warning] Couldn't find file 'arm_r_lunate.vtp'.
[2026-09-23 11:40:44.373] [warning] Couldn't find file 'arm_r_scaphoid.vtp'.
[2026-09-23 11:40:44.373] [warning] Couldn't find file 'arm_r_pisiform.vtp'.
[2026-09-23 11:40:44.374] [warning] Couldn't find file 'arm_r_triquetrum.vtp'.
[2026-09-23 11:40:44.374] [warning] Couldn't find file 'arm_r_capitate.vtp'.
[2026-09-23 11:40:44.374] [warning] Couldn't find file 'arm_r_trapezium.vtp'.
[2026-09-23 11:40:44.374] [warning] Couldn't find file 'arm_r_trapezoid.vtp'.
[2026-09-23 11:40:44.374] [warning] Couldn't find file 'arm_r_hamate.vtp'.
[2026-09-23 11:40:44.374] [warning] Couldn't find file 'arm_r_1mc.vtp'.
[2026-09-23 11:40:44.374] [warning] Couldn't find file 'arm_r_2mc.vtp'.
[2026-09-23 11:40:44.374] [warning] Couldn't find file 'arm_r_3mc.vtp'.
[2026-09-23 11:40:44.374] [warning] Couldn't find file 'arm_r_4mc.vtp'.
[2026-09-23 11:40:44.374] [warning] Couldn't find file 'arm_r_5mc.vtp'.
[2026-09-23 11:40:44.374] [warning] Couldn't find file 'arm_r_thumbprox.vtp'.
[2026-09-23 11:40:44.374] [warning] Couldn't find file 'arm_r_thumbdist.vtp'.
[2026-09-23 11:40:44.374] [warning] Couldn't find file 'arm_r_2proxph.vtp'.
[2026-09-23 11:40:44.374] [warning] Couldn't find file 'arm_r_2midph.vtp'.
[2026-09-23 11:40:44.374] [warning] Couldn't find file 'arm_r_2distph.vtp'.
[2026-09-23 11:40:44.374] [warning] Couldn't find file 'arm_r_3proxph.vtp'.
[2026-09-23 11:40:44.375] [warning] Couldn't find file 'arm_r_3midph.vtp'.
[2026-09-23 11:40:44.375] [warning] Couldn't find file 'arm_r_3distph.vtp'.
[2026-09-23 11:40:44.375] [warning] Couldn't find file 'arm_r_4proxph.vtp'.
[2026-09-23 11:40:44.375] [warning] Couldn't find file 'arm_r_4midph.vtp'.
[2026-09-23 11:40:44.375] [warning] Couldn't find file 'arm_r_4distph.vtp'.
[2026-09-23 11:40:44.375] [warning] Couldn't find file 'arm_r_5proxph.vtp'.
[2026-09-23 11:40:44.375] [warning] Couldn't find file 'arm_r_5midph.vtp'.
[2026-09-23 11:40:44.375] [warning] Couldn't find file 'arm_r_5distph.vtp'.
[2026-09-23 11:40:53.887] [info] Loaded model arm26-scaled from file data/opensim/arm26_scaled.osim
[2026-09-23 11:40:53.887] [warning] Couldn't find file 'ground_ribs.vtp'.
[2026-09-23 11:40:53.887] [warning] Couldn't find file 'ground_spine.vtp'.
[2026-09-23 11:40:53.887] [warning] Couldn't find file 'ground_skull.vtp'.
[2026-09-23 11:40:53.888] [warning] Couldn't find file 'ground_jaw.vtp'.
[2026-09-23 11:40:53.888] [warning] Couldn't find file 'ground_r_clavicle.vtp'.
[2026-09-23 11:40:53.888] [warning] Couldn't find file 'ground_r_scapula.vtp'.
[2026-09-23 11:40:53.888] [warning] Couldn't find file 'arm_r_humerus.vtp'.
[2026-09-23 11:40:53.888] [warning] Couldn't find file 'arm_r_ulna.vtp'.
[2026-09-23 11:40:53.889] [warning] Couldn't find file 'arm_r_radius.vtp'.
[2026-09-23 11:40:53.889] [warning] Couldn't find file 'arm_r_lunate.vtp'.
[2026-09-23 11:40:53.889] [warning] Couldn't find file 'arm_r_scaphoid.vtp'.
[2026-09-23 11:40:53.889] [warning] Couldn't find file 'arm_r_pisiform.vtp'.
[2026-09-23 11:40:53.889] [warning] Couldn't find file 'arm_r_triquetrum.vtp'.
[2026-09-23 11:40:53.889] [warning] Couldn't find file 'arm_r_capitate.vtp'.
[2026-09-23 11:40:53.890] [warning] Couldn't find file 'arm_r_trapezium.vtp'.
[2026-09-23 11:40:53.890] [warning] Couldn't find file 'arm_r_trapezoid.vtp'.
[2026-09-23 11:40:53.890] [warning] Couldn't find file 'arm_r_hamate.vtp'.
[2026-09-23 11:40:53.890] [warning] Couldn't find file 'arm_r_1mc.vtp'.
[2026-09-23 11:40:53.890] [warning] Couldn't find file 'arm_r_2mc.vtp'.
[2026-09-23 11:40:53.891] [warning] Couldn't find file 'arm_r_3mc.vtp'.
[2026-09-23 11:40:53.891] [warning] Couldn't find file 'arm_r_4mc.vtp'.
[2026-09-23 11:40:53.891] [warning] Couldn't find file 'arm_r_5mc.vtp'.
[2026-09-23 11:40:53.891] [warning] Couldn't find file 'arm_r_thumbprox.vtp'.
[2026-09-23 11:40:53.891] [warning] Couldn't find file 'arm_r_thumbdist.vtp'.
[2026-09-23 11:40:53.891] [warning] Couldn't find file 'arm_r_2proxph.vtp'.
[2026-09-23 11:40:53.892] [warning] Couldn't find file 'arm_r_2midph.vtp'.
[2026-09-23 11:40:53.892] [warning] Couldn't find file 'arm_r_2distph.vtp'.
[2026-09-23 11:40:53.892] [warning] Couldn't find file 'arm_r_3proxph.vtp'.
[2026-09-23 11:40:53.892] [warning] Couldn't find file 'arm_r_3midph.vtp'.
[2026-09-23 11:40:53.892] [warning] Couldn't find file 'arm_r_3distph.vtp'.
[2026-09-23 11:40:53.893] [warning] Couldn't find file 'arm_r_4proxph.vtp'.
[2026-09-23 11:40:53.893] [warning] Couldn't find file 'arm_r_4midph.vtp'.
[2026-09-23 11:40:53.893] [warning] Couldn't find file 'arm_r_4distph.vtp'.
[2026-09-23 11:40:53.893] [warning] Couldn't find file 'arm_r_5proxph.vtp'.
[2026-09-23 11:40:53.893] [warning] Couldn't find file 'arm_r_5midph.vtp'.
[2026-09-23 11:40:53.893] [warning] Couldn't find file 'arm_r_5distph.vtp'.
[2026-09-23 11:40:53.901] [info] Old version storage/motion file encountered
[2026-09-23 11:40:53.901] [info] Storage: read data file = data/scenarios/video1_v2/target_arm26_exploratory.mot (nr=1081 nc=3)
[2026-09-23 11:40:53.901] [info] .. assuming rotations in Degrees..
